// Jest Snapshot v1, https://goo.gl/fbAQLP

exports[`<Text /> rendering should render 1`] = `ShallowWrapper {}`;
