// Jest Snapshot v1, https://goo.gl/fbAQLP

exports[`<Button /> rendering should render 1`] = `ShallowWrapper {}`;
